find: ‘/etc/audit’: Permission denied
find: ‘/etc/credstore.encrypted’: Permission denied
find: ‘/etc/credstore’: Permission denied
find: ‘/etc/cups/ssl’: Permission denied
find: ‘/etc/firewalld’: Permission denied
find: ‘/etc/grub.d’: Permission denied
find: ‘/etc/libvirt’: Permission denied
find: ‘/etc/lvm/archive’: Permission denied
find: ‘/etc/lvm/backup’: Permission denied
find: ‘/etc/lvm/cache’: Permission denied
find: ‘/etc/lvm/devices’: Permission denied
find: ‘/etc/nftables’: Permission denied
find: ‘/etc/openvpn/client’: Permission denied
find: ‘/etc/openvpn/server’: Permission denied
find: ‘/etc/pki/rsyslog’: Permission denied
find: ‘/etc/pki/akmods/certs’: Permission denied
find: ‘/etc/pki/akmods/private’: Permission denied
find: ‘/etc/polkit-1/localauthority’: Permission denied
find: ‘/etc/polkit-1/rules.d’: Permission denied
find: ‘/etc/sos/cleaner’: Permission denied
find: ‘/etc/ssh/sshd_config.d’: Permission denied
find: ‘/etc/sssd’: Permission denied
find: ‘/etc/sudoers.d’: Permission denied
find: ‘/etc/userdb’: Permission denied
